03:53:13 PM-11/19/2019

 SCRIPT USUARIO BLOQUEADO -- INICIO



SQL*Plus: Release 18.0.0.0.0 - Production on Tue Nov 19 15:53:13 2019
Version 18.3.0.0.0

Copyright (c) 1982, 2018, Oracle.  All rights reserved.

Last Successful login time: Tue Nov 19 2019 15:52:54 -05:00

Connected to:
Oracle Database 18c Enterprise Edition Release 18.0.0.0.0 - Production
Version 18.3.0.0.0

SQL> SQL> SQL> SQL> SQL>   2    3  SQL> SQL> 
    NUMERO
----------
NOMBRE
--------------------------------------------------------------------------------
	 1
YYOFz

	 2
qGzhJ

	 3
vPdWH


    NUMERO
----------
NOMBRE
--------------------------------------------------------------------------------
	 4
tJXlq

	 5
HHWcx

	 6
oIAXL


    NUMERO
----------
NOMBRE
--------------------------------------------------------------------------------
	 7
UfkWL

	 8
Cdkna

	 9
dLPAZ


    NUMERO
----------
NOMBRE
--------------------------------------------------------------------------------
	10
GXQQg


10 rows selected.

SQL> SQL> 
SQL> 
    NUMERO
----------
NOMBRE
--------------------------------------------------------------------------------
	 1
YYOFz

	 2
qGzhJ

	 3
vPdWH


    NUMERO
----------
NOMBRE
--------------------------------------------------------------------------------
	 4
tJXlq

	 5
HHWcx

	 6
oIAXL


    NUMERO
----------
NOMBRE
--------------------------------------------------------------------------------
	 7
UfkWL

	 8
Cdkna

	 9
dLPAZ


    NUMERO
----------
NOMBRE
--------------------------------------------------------------------------------
	10
GXQQg


10 rows selected.

SQL> Disconnected from Oracle Database 18c Enterprise Edition Release 18.0.0.0.0 - Production
Version 18.3.0.0.0
03:53:13 PM-11/19/2019
********************************
 SCRIPT USUARIO BLOQUEADO -- FIN
********************************

03:53:23 PM-11/19/2019

 SCRIPT USUARIO BLOQUEANTE -- INICIO



SQL*Plus: Release 18.0.0.0.0 - Production on Tue Nov 19 15:53:23 2019
Version 18.3.0.0.0

Copyright (c) 1982, 2018, Oracle.  All rights reserved.

Last Successful login time: Tue Nov 19 2019 15:53:01 -05:00

Connected to:
Oracle Database 18c Enterprise Edition Release 18.0.0.0.0 - Production
Version 18.3.0.0.0

SQL> SQL> SQL> SQL> SQL>   2    3  SQL> SQL> 
    NUMERO
----------
NOMBRE
--------------------------------------------------------------------------------
	 1
YYOFz

	 2
qGzhJ

	 3
vPdWH


    NUMERO
----------
NOMBRE
--------------------------------------------------------------------------------
	 4
tJXlq

	 5
HHWcx

	 6
oIAXL


    NUMERO
----------
NOMBRE
--------------------------------------------------------------------------------
	 7
UfkWL

	 8
Cdkna

	 9
dLPAZ


    NUMERO
----------
NOMBRE
--------------------------------------------------------------------------------
	10
GXQQg


10 rows selected.

SQL> SQL> 
1 row updated.

SQL> 
Commit complete.

SQL> SQL> 
    NUMERO
----------
NOMBRE
--------------------------------------------------------------------------------
	 3
nom_1


SQL> Disconnected from Oracle Database 18c Enterprise Edition Release 18.0.0.0.0 - Production
Version 18.3.0.0.0
03:53:23 PM-11/19/2019
*********************************
 SCRIPT USUARIO BLOQUEANTE -- FIN
*********************************

