SQL> -- creacion de la tabla pruebas
SQL> create table pruebas(numero integer, nombre varchar(255));

Table created.

SQL> 
SQL> -- Primeros datos
SQL> begin
  2  for i in 1 .. 10
  3  loop
  4  insert into PRUEBAS values(i, dbms_random.string('A',2));
  5  insert into PRUEBAS values(i-2, dbms_random.string('A',5));
  6  end loop;
  7  end;
  8  /

PL/SQL procedure successfully completed.

SQL> commit;

Commit complete.

SQL> 
SQL> set transaction isolation level serializable;

Transaction set.

SQL> select * from pruebas;

    NUMERO                                                                      
----------                                                                      
NOMBRE                                                                          
--------------------------------------------------------------------------------
         1                                                                      
Qn                                                                              
                                                                                
        -1                                                                      
BETxi                                                                           
                                                                                
         2                                                                      
yJ                                                                              
                                                                                

    NUMERO                                                                      
----------                                                                      
NOMBRE                                                                          
--------------------------------------------------------------------------------
         0                                                                      
npxcs                                                                           
                                                                                
         3                                                                      
eJ                                                                              
                                                                                
         1                                                                      
YCSXM                                                                           
                                                                                

    NUMERO                                                                      
----------                                                                      
NOMBRE                                                                          
--------------------------------------------------------------------------------
         4                                                                      
Kz                                                                              
                                                                                
         2                                                                      
QffaN                                                                           
                                                                                
         5                                                                      
MJ                                                                              
                                                                                

    NUMERO                                                                      
----------                                                                      
NOMBRE                                                                          
--------------------------------------------------------------------------------
         3                                                                      
CpNjJ                                                                           
                                                                                
         6                                                                      
HS                                                                              
                                                                                
         4                                                                      
IaTQs                                                                           
                                                                                

    NUMERO                                                                      
----------                                                                      
NOMBRE                                                                          
--------------------------------------------------------------------------------
         7                                                                      
Tz                                                                              
                                                                                
         5                                                                      
yfRkE                                                                           
                                                                                
         8                                                                      
zk                                                                              
                                                                                

    NUMERO                                                                      
----------                                                                      
NOMBRE                                                                          
--------------------------------------------------------------------------------
         6                                                                      
Hjyzw                                                                           
                                                                                
         9                                                                      
Sb                                                                              
                                                                                
         7                                                                      
RgHko                                                                           
                                                                                

    NUMERO                                                                      
----------                                                                      
NOMBRE                                                                          
--------------------------------------------------------------------------------
        10                                                                      
WW                                                                              
                                                                                
         8                                                                      
yFvBE                                                                           
                                                                                

20 rows selected.

SQL> 
SQL> delete from pruebas where numero=3;

4 rows deleted.

SQL> rollback;

Rollback complete.

SQL> 
